// Jest Snapshot v1, https://goo.gl/fbAQLP

exports[`App App test 1`] = `
<input
  data-testid="input"
  placeholder="input"
  value=""
/>
`;
